<?xml version="1.0" encoding="UTF-8"?>
<testng-results ignored="0" total="11" passed="11" failed="0" skipped="0">
  <reporter-output>
  </reporter-output>
  <suite started-at="2023-10-29T16:00:26 IST" name="TestNG Parameters Suite" finished-at="2023-10-29T16:04:37 IST" duration-ms="251488">
    <groups>
      <group name="Regression_Test">
        <method signature="QKART_Tests.TestCase04()[pri:4, instance:QKART_TESTNG.QKART_Tests@7cb788ad]" name="TestCase04" class="QKART_TESTNG.QKART_Tests"/>
        <method signature="QKART_Tests.TestCase06(java.lang.String,java.lang.String)[pri:6, instance:QKART_TESTNG.QKART_Tests@7cb788ad]" name="TestCase06" class="QKART_TESTNG.QKART_Tests"/>
        <method signature="QKART_Tests.TestCase08()[pri:8, instance:QKART_TESTNG.QKART_Tests@7cb788ad]" name="TestCase08" class="QKART_TESTNG.QKART_Tests"/>
        <method signature="QKART_Tests.TestCase09()[pri:9, instance:QKART_TESTNG.QKART_Tests@7cb788ad]" name="TestCase09" class="QKART_TESTNG.QKART_Tests"/>
        <method signature="QKART_Tests.TestCase10()[pri:10, instance:QKART_TESTNG.QKART_Tests@7cb788ad]" name="TestCase10" class="QKART_TESTNG.QKART_Tests"/>
      </group> <!-- Regression_Test -->
      <group name="Sanity_test">
        <method signature="QKART_Tests.TestCase01(java.lang.String,java.lang.String)[pri:1, instance:QKART_TESTNG.QKART_Tests@7cb788ad]" name="TestCase01" class="QKART_TESTNG.QKART_Tests"/>
        <method signature="QKART_Tests.TestCase02()[pri:2, instance:QKART_TESTNG.QKART_Tests@7cb788ad]" name="TestCase02" class="QKART_TESTNG.QKART_Tests"/>
        <method signature="QKART_Tests.TestCase03()[pri:3, instance:QKART_TESTNG.QKART_Tests@7cb788ad]" name="TestCase03" class="QKART_TESTNG.QKART_Tests"/>
        <method signature="QKART_Tests.TestCase05(java.lang.String,java.lang.String,java.lang.String)[pri:5, instance:QKART_TESTNG.QKART_Tests@7cb788ad]" name="TestCase05" class="QKART_TESTNG.QKART_Tests"/>
        <method signature="QKART_Tests.TestCase07(java.lang.String)[pri:7, instance:QKART_TESTNG.QKART_Tests@7cb788ad]" name="TestCase07" class="QKART_TESTNG.QKART_Tests"/>
        <method signature="QKART_Tests.TestCase11()[pri:11, instance:QKART_TESTNG.QKART_Tests@7cb788ad]" name="TestCase11" class="QKART_TESTNG.QKART_Tests"/>
      </group> <!-- Sanity_test -->
    </groups>
    <test started-at="2023-10-29T16:00:26 IST" name="Params" finished-at="2023-10-29T16:04:37 IST" duration-ms="251488">
      <class name="QKART_TESTNG.QKART_Tests">
        <test-method is-config="true" signature="createDriver()[pri:0, instance:QKART_TESTNG.QKART_Tests@7cb788ad]" started-at="2023-10-29T16:00:23 IST" name="createDriver" finished-at="2023-10-29T16:00:26 IST" duration-ms="3233" status="PASS">
          <reporter-output>
          </reporter-output>
        </test-method> <!-- createDriver -->
        <test-method signature="TestCase01(java.lang.String,java.lang.String)[pri:1, instance:QKART_TESTNG.QKART_Tests@7cb788ad]" started-at="2023-10-29T16:00:26 IST" name="TestCase01" description="Verify registration happens correctly" finished-at="2023-10-29T16:00:35 IST" duration-ms="9434" status="PASS">
          <params>
            <param index="0">
              <value>
                <![CDATA[testUser]]>
              </value>
            </param>
            <param index="1">
              <value>
                <![CDATA[abc@123]]>
              </value>
            </param>
          </params>
          <reporter-output>
          </reporter-output>
        </test-method> <!-- TestCase01 -->
        <test-method signature="TestCase02()[pri:2, instance:QKART_TESTNG.QKART_Tests@7cb788ad]" started-at="2023-10-29T16:00:35 IST" name="TestCase02" description="Verify re-registering an already registered user fails" finished-at="2023-10-29T16:01:11 IST" duration-ms="35248" status="PASS">
          <reporter-output>
          </reporter-output>
        </test-method> <!-- TestCase02 -->
        <test-method signature="TestCase03()[pri:3, instance:QKART_TESTNG.QKART_Tests@7cb788ad]" started-at="2023-10-29T16:01:11 IST" name="TestCase03" description="Verify the functionality of search text box" finished-at="2023-10-29T16:01:46 IST" duration-ms="34917" status="PASS">
          <reporter-output>
          </reporter-output>
        </test-method> <!-- TestCase03 -->
        <test-method signature="TestCase04()[pri:4, instance:QKART_TESTNG.QKART_Tests@7cb788ad]" started-at="2023-10-29T16:01:46 IST" name="TestCase04" description="Verify the existence of size chart for certain items and validate contents of size chart" finished-at="2023-10-29T16:02:04 IST" duration-ms="18325" status="PASS">
          <reporter-output>
          </reporter-output>
        </test-method> <!-- TestCase04 -->
        <test-method signature="TestCase05(java.lang.String,java.lang.String,java.lang.String)[pri:5, instance:QKART_TESTNG.QKART_Tests@7cb788ad]" started-at="2023-10-29T16:02:04 IST" name="TestCase05" description="Verify that a new user can add multiple products in to the cart and Checkout" finished-at="2023-10-29T16:02:34 IST" duration-ms="30516" status="PASS">
          <params>
            <param index="0">
              <value>
                <![CDATA[YONEX Smash Badminton Racquet]]>
              </value>
            </param>
            <param index="1">
              <value>
                <![CDATA[Tan Leatherette Weekender Duffle]]>
              </value>
            </param>
            <param index="2">
              <value>
                <![CDATA[Addr line 1 addr Line 2 addr line 3]]>
              </value>
            </param>
          </params>
          <reporter-output>
          </reporter-output>
        </test-method> <!-- TestCase05 -->
        <test-method signature="TestCase06(java.lang.String,java.lang.String)[pri:6, instance:QKART_TESTNG.QKART_Tests@7cb788ad]" started-at="2023-10-29T16:02:34 IST" name="TestCase06" description="Verify that the contents of the cart can be edited" finished-at="2023-10-29T16:03:04 IST" duration-ms="29975" status="PASS">
          <params>
            <param index="0">
              <value>
                <![CDATA[Xtend Smart Watch]]>
              </value>
            </param>
            <param index="1">
              <value>
                <![CDATA[Yarine Floor Lamp]]>
              </value>
            </param>
          </params>
          <reporter-output>
          </reporter-output>
        </test-method> <!-- TestCase06 -->
        <test-method signature="TestCase07(java.lang.String)[pri:7, instance:QKART_TESTNG.QKART_Tests@7cb788ad]" started-at="2023-10-29T16:03:04 IST" name="TestCase07" description="Verify that insufficient balance error is thrown when the wallet balance is not enough" finished-at="2023-10-29T16:03:43 IST" duration-ms="38752" status="PASS">
          <params>
            <param index="0">
              <value>
                <![CDATA[Stylecon 9 Seater RHS Sofa Set ]]>
              </value>
            </param>
          </params>
          <reporter-output>
          </reporter-output>
        </test-method> <!-- TestCase07 -->
        <test-method signature="TestCase08()[pri:8, instance:QKART_TESTNG.QKART_Tests@7cb788ad]" started-at="2023-10-29T16:03:43 IST" name="TestCase08" description="Verify that a product added to a cart is available when a new tab is added" finished-at="2023-10-29T16:03:59 IST" duration-ms="15490" status="PASS">
          <reporter-output>
          </reporter-output>
        </test-method> <!-- TestCase08 -->
        <test-method signature="TestCase09()[pri:9, instance:QKART_TESTNG.QKART_Tests@7cb788ad]" started-at="2023-10-29T16:03:59 IST" name="TestCase09" description="Verify that privacy policy and about us links are working fine" finished-at="2023-10-29T16:04:08 IST" duration-ms="8958" status="PASS">
          <reporter-output>
          </reporter-output>
        </test-method> <!-- TestCase09 -->
        <test-method signature="TestCase10()[pri:10, instance:QKART_TESTNG.QKART_Tests@7cb788ad]" started-at="2023-10-29T16:04:08 IST" name="TestCase10" description="Verify that the contact us dialog works fine" finished-at="2023-10-29T16:04:10 IST" duration-ms="2880" status="PASS">
          <reporter-output>
          </reporter-output>
        </test-method> <!-- TestCase10 -->
        <test-method signature="TestCase11()[pri:11, instance:QKART_TESTNG.QKART_Tests@7cb788ad]" started-at="2023-10-29T16:04:11 IST" name="TestCase11" description="Ensure that the Advertisement Links on the QKART page are clickable" finished-at="2023-10-29T16:04:37 IST" duration-ms="26785" status="PASS">
          <reporter-output>
          </reporter-output>
        </test-method> <!-- TestCase11 -->
      </class> <!-- QKART_TESTNG.QKART_Tests -->
    </test> <!-- Params -->
  </suite> <!-- TestNG Parameters Suite -->
</testng-results>
